I'm sorry, but errors were detected in your script. Please correct the
errors listed below, and try again.


File "game/spider_minigame.rpy", line 15: expected 'comma or end of line' not found.
    $ x1, y1 = random_pos()
    ^

Ren'Py Version: Ren'Py 8.3.6.25022803
Fri Jun 27 21:48:07 2025
